// Jest Snapshot v1, https://goo.gl/fbAQLP

exports[`ProductImage should de mostrar el componente con el img del producto 1`] = `
<div
  className="productCard custom-class"
>
  <img
    alt="Product"
    className="productImg undefined"
    src="./coffee-mug.png"
  />
</div>
`;

exports[`ProductImage should de mostrar el componente correctamente con el img personalizado 1`] = `
<img
  alt="Product"
  className="productImg custom-class"
  src="./cat.jpg"
/>
`;
